Command line invocation:
    /Volumes/External/Applications/Xcode.app/Contents/Developer/usr/bin/xcodebuild -scheme SmartClipboard -configuration Release -derivedDataPath ./build build CODE_SIGN_IDENTITY=- CODE_SIGN_STYLE=Manual

Build settings from command line:
    CODE_SIGN_IDENTITY = -
    CODE_SIGN_STYLE = Manual

2026-04-05 13:04:10.696 xcodebuild[32879:3828387] [MT] IDERunDestination: Supported platforms for the buildables in the current scheme is empty.
--- xcodebuild: WARNING: Using the first of multiple matching destinations:
{ platform:macOS, arch:arm64, id:00008132-000E11D40283001C, name:My Mac }
{ platform:macOS, arch:x86_64, id:00008132-000E11D40283001C, name:My Mac }
{ platform:macOS, name:Any Mac }
note: Using codesigning identity override: -
ComputePackagePrebuildTargetDependencyGraph

Prepare packages

CreateBuildRequest

SendProjectDescription

CreateBuildOperation

ComputeTargetDependencyGraph
note: Building targets in dependency order
note: Target dependency graph (1 target)
    Target 'SmartClipboard' in project 'SmartClipboard' (no dependencies)

GatherProvisioningInputs

CreateBuildDescription

ClangStatCache /Volumes/External/Applications/Xcode.app/Contents/Developer/Toolchains/XcodeDefault.xctoolchain/usr/bin/clang-stat-cache /Volumes/External/Applications/Xcode.app/Contents/Developer/Platforms/MacOSX.platform/Developer/SDKs/MacOSX26.2.sdk /Users/chrislapointe/Projects/CurrentProjects/SmartClipboard/build/SDKStatCaches.noindex/macosx26.2-25C57-6362884308268a173e1a736c941f2f4b.sdkstatcache
    cd /Users/chrislapointe/Projects/CurrentProjects/SmartClipboard/SmartClipboard.xcodeproj
    /Volumes/External/Applications/Xcode.app/Contents/Developer/Toolchains/XcodeDefault.xctoolchain/usr/bin/clang-stat-cache /Volumes/External/Applications/Xcode.app/Contents/Developer/Platforms/MacOSX.platform/Developer/SDKs/MacOSX26.2.sdk -o /Users/chrislapointe/Projects/CurrentProjects/SmartClipboard/build/SDKStatCaches.noindex/macosx26.2-25C57-6362884308268a173e1a736c941f2f4b.sdkstatcache

SwiftDriver SmartClipboard normal arm64 com.apple.xcode.tools.swift.compiler (in target 'SmartClipboard' from project 'SmartClipboard')
    cd /Users/chrislapointe/Projects/CurrentProjects/SmartClipboard
    builtin-SwiftDriver -- /Volumes/External/Applications/Xcode.app/Contents/Developer/Toolchains/XcodeDefault.xctoolchain/usr/bin/swiftc -module-name SmartClipboard -O -whole-module-optimization -enforce-exclusivity\=checked @/Users/chrislapointe/Projects/CurrentProjects/SmartClipboard/build/Build/Intermediates.noindex/SmartClipboard.build/Release/SmartClipboard.build/Objects-normal/arm64/SmartClipboard.SwiftFileList -enable-bare-slash-regex -enable-experimental-feature DebugDescriptionMacro -sdk /Volumes/External/Applications/Xcode.app/Contents/Developer/Platforms/MacOSX.platform/Developer/SDKs/MacOSX26.2.sdk -target arm64-apple-macos14.0 -g -module-cache-path /Users/chrislapointe/Projects/CurrentProjects/SmartClipboard/build/ModuleCache.noindex -Xfrontend -serialize-debugging-options -swift-version 5 -I /Users/chrislapointe/Projects/CurrentProjects/SmartClipboard/build/Build/Products/Release -F /Users/chrislapointe/Projects/CurrentProjects/SmartClipboard/build/Build/Products/Release -c -num-threads 10 -Xcc -ivfsstatcache -Xcc /Users/chrislapointe/Projects/CurrentProjects/SmartClipboard/build/SDKStatCaches.noindex/macosx26.2-25C57-6362884308268a173e1a736c941f2f4b.sdkstatcache -output-file-map /Users/chrislapointe/Projects/CurrentProjects/SmartClipboard/build/Build/Intermediates.noindex/SmartClipboard.build/Release/SmartClipboard.build/Objects-normal/arm64/SmartClipboard-OutputFileMap.json -use-frontend-parseable-output -save-temps -no-color-diagnostics -explicit-module-build -module-cache-path /Users/chrislapointe/Projects/CurrentProjects/SmartClipboard/build/Build/Intermediates.noindex/SwiftExplicitPrecompiledModules -clang-scanner-module-cache-path /Users/chrislapointe/Projects/CurrentProjects/SmartClipboard/build/ModuleCache.noindex -sdk-module-cache-path /Users/chrislapointe/Projects/CurrentProjects/SmartClipboard/build/ModuleCache.noindex -serialize-diagnostics -emit-dependencies -emit-module -emit-module-path /Users/chrislapointe/Projects/CurrentProjects/SmartClipboard/build/Build/Intermediates.noindex/SmartClipboard.build/Release/SmartClipboard.build/Objects-normal/arm64/SmartClipboard.swiftmodule -validate-clang-modules-once -clang-build-session-file /Users/chrislapointe/Projects/CurrentProjects/SmartClipboard/build/ModuleCache.noindex/Session.modulevalidation -Xcc -I/Users/chrislapointe/Projects/CurrentProjects/SmartClipboard/build/Build/Intermediates.noindex/SmartClipboard.build/Release/SmartClipboard.build/swift-overrides.hmap -emit-const-values -Xfrontend -const-gather-protocols-file -Xfrontend /Users/chrislapointe/Projects/CurrentProjects/SmartClipboard/build/Build/Intermediates.noindex/SmartClipboard.build/Release/SmartClipboard.build/Objects-normal/arm64/SmartClipboard_const_extract_protocols.json -Xcc -iquote -Xcc /Users/chrislapointe/Projects/CurrentProjects/SmartClipboard/build/Build/Intermediates.noindex/SmartClipboard.build/Release/SmartClipboard.build/SmartClipboard-generated-files.hmap -Xcc -I/Users/chrislapointe/Projects/CurrentProjects/SmartClipboard/build/Build/Intermediates.noindex/SmartClipboard.build/Release/SmartClipboard.build/SmartClipboard-own-target-headers.hmap -Xcc -I/Users/chrislapointe/Projects/CurrentProjects/SmartClipboard/build/Build/Intermediates.noindex/SmartClipboard.build/Release/SmartClipboard.build/SmartClipboard-all-target-headers.hmap -Xcc -iquote -Xcc /Users/chrislapointe/Projects/CurrentProjects/SmartClipboard/build/Build/Intermediates.noindex/SmartClipboard.build/Release/SmartClipboard.build/SmartClipboard-project-headers.hmap -Xcc -I/Users/chrislapointe/Projects/CurrentProjects/SmartClipboard/build/Build/Products/Release/include -Xcc -I/Users/chrislapointe/Projects/CurrentProjects/SmartClipboard/build/Build/Intermediates.noindex/SmartClipboard.build/Release/SmartClipboard.build/DerivedSources-normal/arm64 -Xcc -I/Users/chrislapointe/Projects/CurrentProjects/SmartClipboard/build/Build/Intermediates.noindex/SmartClipboard.build/Release/SmartClipboard.build/DerivedSources/arm64 -Xcc -I/Users/chrislapointe/Projects/CurrentProjects/SmartClipboard/build/Build/Intermediates.noindex/SmartClipboard.build/Release/SmartClipboard.build/DerivedSources -emit-objc-header -emit-objc-header-path /Users/chrislapointe/Projects/CurrentProjects/SmartClipboard/build/Build/Intermediates.noindex/SmartClipboard.build/Release/SmartClipboard.build/Objects-normal/arm64/SmartClipboard-Swift.h -working-directory /Users/chrislapointe/Projects/CurrentProjects/SmartClipboard -no-emit-module-separately-wmo

SwiftCompile normal arm64 Compiling\ ClipboardManager.swift,\ ContentView.swift,\ GeminiService.swift,\ GlobalHotkeyManager.swift,\ SettingsView.swift,\ SmartClipboardApp.swift,\ StatusItemManager.swift /Users/chrislapointe/Projects/CurrentProjects/SmartClipboard/SmartClipboard/ClipboardManager.swift /Users/chrislapointe/Projects/CurrentProjects/SmartClipboard/SmartClipboard/ContentView.swift /Users/chrislapointe/Projects/CurrentProjects/SmartClipboard/SmartClipboard/GeminiService.swift /Users/chrislapointe/Projects/CurrentProjects/SmartClipboard/SmartClipboard/GlobalHotkeyManager.swift /Users/chrislapointe/Projects/CurrentProjects/SmartClipboard/SmartClipboard/SettingsView.swift /Users/chrislapointe/Projects/CurrentProjects/SmartClipboard/SmartClipboard/SmartClipboardApp.swift /Users/chrislapointe/Projects/CurrentProjects/SmartClipboard/SmartClipboard/StatusItemManager.swift /Volumes/External/Applications/Xcode.app/Contents/Developer/Toolchains/XcodeDefault.xctoolchain/usr/lib/swift/macosx/prebuilt-modules/26.2/UniformTypeIdentifiers.swiftmodule/arm64e-apple-macos.swiftmodule /Volumes/External/Applications/Xcode.app/Contents/Developer/Toolchains/XcodeDefault.xctoolchain/usr/lib/swift/macosx/prebuilt-modules/26.2/Symbols.swiftmodule/arm64e-apple-macos.swiftmodule /Volumes/External/Applications/Xcode.app/Contents/Developer/Toolchains/XcodeDefault.xctoolchain/usr/lib/swift/macosx/prebuilt-modules/26.2/CoreData.swiftmodule/arm64e-apple-macos.swiftmodule /Volumes/External/Applications/Xcode.app/Contents/Developer/Toolchains/XcodeDefault.xctoolchain/usr/lib/swift/macosx/prebuilt-modules/26.2/Foundation.swiftmodule/arm64e-apple-macos.swiftmodule /Volumes/External/Applications/Xcode.app/Contents/Developer/Toolchains/XcodeDefault.xctoolchain/usr/lib/swift/macosx/prebuilt-modules/26.2/_SwiftData_SwiftUI.swiftmodule/arm64e-apple-macos.swiftmodule /Volumes/External/Applications/Xcode.app/Contents/Developer/Toolchains/XcodeDefault.xctoolchain/usr/lib/swift/macosx/prebuilt-modules/26.2/_Builtin_float.swiftmodule/arm64e-apple-macos.swiftmodule /Volumes/External/Applications/Xcode.app/Contents/Developer/Toolchains/XcodeDefault.xctoolchain/usr/lib/swift/macosx/prebuilt-modules/26.2/DataDetection.swiftmodule/arm64e-apple-macos.swiftmodule /Volumes/External/Applications/Xcode.app/Contents/Developer/Toolchains/XcodeDefault.xctoolchain/usr/lib/swift/macosx/prebuilt-modules/26.2/DeveloperToolsSupport.swiftmodule/arm64e-apple-macos.swiftmodule /Volumes/External/Applications/Xcode.app/Contents/Developer/Toolchains/XcodeDefault.xctoolchain/usr/lib/swift/macosx/prebuilt-modules/26.2/IOKit.swiftmodule/arm64e-apple-macos.swiftmodule /Volumes/External/Applications/Xcode.app/Contents/Developer/Toolchains/XcodeDefault.xctoolchain/usr/lib/swift/macosx/prebuilt-modules/26.2/System.swiftmodule/arm64e-apple-macos.swiftmodule /Volumes/External/Applications/Xcode.app/Contents/Developer/Toolchains/XcodeDefault.xctoolchain/usr/lib/swift/macosx/prebuilt-modules/26.2/QuartzCore.swiftmodule/arm64e-apple-macos.swiftmodule /Volumes/External/Applications/Xcode.app/Contents/Developer/Toolchains/XcodeDefault.xctoolchain/usr/lib/swift/macosx/prebuilt-modules/26.2/Combine.swiftmodule/arm64e-apple-macos.swiftmodule /Volumes/External/Applications/Xcode.app/Contents/Developer/Toolchains/XcodeDefault.xctoolchain/usr/lib/swift/macosx/prebuilt-modules/26.2/SwiftData.swiftmodule/arm64e-apple-macos.swiftmodule /Volumes/External/Applications/Xcode.app/Contents/Developer/Toolchains/XcodeDefault.xctoolchain/usr/lib/swift/macosx/prebuilt-modules/26.2/_DarwinFoundation3.swiftmodule/arm64e-apple-macos.swiftmodule /Volumes/External/Applications/Xcode.app/Contents/Developer/Toolchains/XcodeDefault.xctoolchain/usr/lib/swift/macosx/prebuilt-modules/26.2/CoreTransferable.swiftmodule/arm64e-apple-macos.swiftmodule /Volumes/External/Applications/Xcode.app/Contents/Developer/Toolchains/XcodeDefault.xctoolchain/usr/lib/swift/macosx/prebuilt-modules/26.2/os.swiftmodule/arm64e-apple-macos.swiftmodule /Volumes/External/Applications/Xcode.app/Contents/Developer/Toolchains/XcodeDefault.xctoolchain/usr/lib/swift/macosx/prebuilt-modules/26.2/Darwin.swiftmodule/arm64e-apple-macos.swiftmodule /Volumes/External/Applications/Xcode.app/Contents/Developer/Toolchains/XcodeDefault.xctoolchain/usr/lib/swift/macosx/prebuilt-modules/26.2/Observation.swiftmodule/arm64e-apple-macos.swiftmodule /Volumes/External/Applications/Xcode.app/Contents/Developer/Toolchains/XcodeDefault.xctoolchain/usr/lib/swift/macosx/prebuilt-modules/26.2/Spatial.swiftmodule/arm64e-apple-macos.swiftmodule /Volumes/External/Applications/Xcode.app/Contents/Developer/Toolchains/XcodeDefault.xctoolchain/usr/lib/swift/macosx/prebuilt-modules/26.2/AppKit.swiftmodule/arm64e-apple-macos.swiftmodule /Volumes/External/Applications/Xcode.app/Contents/Developer/Toolchains/XcodeDefault.xctoolchain/usr/lib/swift/macosx/prebuilt-modules/26.2/OSLog.swiftmodule/arm64e-apple-macos.swiftmodule /Volumes/External/Applications/Xcode.app/Contents/Developer/Toolchains/XcodeDefault.xctoolchain/usr/lib/swift/macosx/prebuilt-modules/26.2/simd.swiftmodule/arm64e-apple-macos.swiftmodule /Volumes/External/Applications/Xcode.app/Contents/Developer/Toolchains/XcodeDefault.xctoolchain/usr/lib/swift/macosx/prebuilt-modules/26.2/Accessibility.swiftmodule/arm64e-apple-macos.swiftmodule /Volumes/External/Applications/Xcode.app/Contents/Developer/Toolchains/XcodeDefault.xctoolchain/usr/lib/swift/macosx/prebuilt-modules/26.2/Metal.swiftmodule/arm64e-apple-macos.swiftmodule /Volumes/External/Applications/Xcode.app/Contents/Developer/Toolchains/XcodeDefault.xctoolchain/usr/lib/swift/macosx/prebuilt-modules/26.2/CoreGraphics.swiftmodule/arm64e-apple-macos.swiftmodule /Volumes/External/Applications/Xcode.app/Contents/Developer/Toolchains/XcodeDefault.xctoolchain/usr/lib/swift/macosx/prebuilt-modules/26.2/SwiftUI.swiftmodule/arm64e-apple-macos.swiftmodule /Volumes/External/Applications/Xcode.app/Contents/Developer/Toolchains/XcodeDefault.xctoolchain/usr/lib/swift/macosx/prebuilt-modules/26.2/Dispatch.swiftmodule/arm64e-apple-macos.swiftmodule /Volumes/External/Applications/Xcode.app/Contents/Developer/Toolchains/XcodeDefault.xctoolchain/usr/lib/swift/macosx/prebuilt-modules/26.2/CoreImage.swiftmodule/arm64e-apple-macos.swiftmodule /Volumes/External/Applications/Xcode.app/Contents/Developer/Toolchains/XcodeDefault.xctoolchain/usr/lib/swift/macosx/prebuilt-modules/26.2/_Concurrency.swiftmodule/arm64e-apple-macos.swiftmodule /Volumes/External/Applications/Xcode.app/Contents/Developer/Toolchains/XcodeDefault.xctoolchain/usr/lib/swift/macosx/prebuilt-modules/26.2/_DarwinFoundation1.swiftmodule/arm64e-apple-macos.swiftmodule /Volumes/External/Applications/Xcode.app/Contents/Developer/Toolchains/XcodeDefault.xctoolchain/usr/lib/swift/macosx/prebuilt-modules/26.2/XPC.swiftmodule/arm64e-apple-macos.swiftmodule /Volumes/External/Applications/Xcode.app/Contents/Developer/Toolchains/XcodeDefault.xctoolchain/usr/lib/swift/macosx/prebuilt-modules/26.2/_DarwinFoundation2.swiftmodule/arm64e-apple-macos.swiftmodule /Volumes/External/Applications/Xcode.app/Contents/Developer/Toolchains/XcodeDefault.xctoolchain/usr/lib/swift/macosx/prebuilt-modules/26.2/CoreVideo.swiftmodule/arm64e-apple-macos.swiftmodule /Volumes/External/Applications/Xcode.app/Contents/Developer/Toolchains/XcodeDefault.xctoolchain/usr/lib/swift/macosx/prebuilt-modules/26.2/ObjectiveC.swiftmodule/arm64e-apple-macos.swiftmodule /Volumes/External/Applications/Xcode.app/Contents/Developer/Toolchains/XcodeDefault.xctoolchain/usr/lib/swift/macosx/prebuilt-modules/26.2/SwiftUICore.swiftmodule/arm64e-apple-macos.swiftmodule /Volumes/External/Applications/Xcode.app/Contents/Developer/Toolchains/XcodeDefault.xctoolchain/usr/lib/swift/macosx/prebuilt-modules/26.2/CoreFoundation.swiftmodule/arm64e-apple-macos.swiftmodule /Volumes/External/Applications/Xcode.app/Contents/Developer/Toolchains/XcodeDefault.xctoolchain/usr/lib/swift/macosx/prebuilt-modules/26.2/_StringProcessing.swiftmodule/arm64e-apple-macos.swiftmodule /Volumes/External/Applications/Xcode.app/Contents/Developer/Toolchains/XcodeDefault.xctoolchain/usr/lib/swift/macosx/prebuilt-modules/26.2/Swift.swiftmodule/arm64e-apple-macos.swiftmodule /Volumes/External/Applications/Xcode.app/Contents/Developer/Toolchains/XcodeDefault.xctoolchain/usr/lib/swift/macosx/prebuilt-modules/26.2/CoreText.swiftmodule/arm64e-apple-macos.swiftmodule /Users/chrislapointe/Projects/CurrentProjects/SmartClipboard/build/ModuleCache.noindex/libkern-BQZ0XTAY78BTTJVRS6QPHLU8V.pcm /Users/chrislapointe/Projects/CurrentProjects/SmartClipboard/build/ModuleCache.noindex/_Builtin_stdint-DIVFU35W1CF6J5S5YR8MD178Y.pcm /Users/chrislapointe/Projects/CurrentProjects/SmartClipboard/build/ModuleCache.noindex/ServiceManagement-E32F2VNVF4ZVBXO4N7NT43QE9.pcm /Users/chrislapointe/Projects/CurrentProjects/SmartClipboard/build/ModuleCache.noindex/IOSurface-7ILZN1WKMPQK0CCST7R2XDVOI.pcm /Users/chrislapointe/Projects/CurrentProjects/SmartClipboard/build/ModuleCache.noindex/_DarwinFoundation2-4HDJD6F2IWGV2HB1RPOQ9JMUL.pcm /Users/chrislapointe/Projects/CurrentProjects/SmartClipboard/build/ModuleCache.noindex/os_object-CUADEJA65BWHEN6YBVP09W6YX.pcm /Users/chrislapointe/Projects/CurrentProjects/SmartClipboard/build/ModuleCache.noindex/_SwiftConcurrencyShims-2SPP0X5R8J581MN4IS1ISWP55.pcm /Users/chrislapointe/Projects/CurrentProjects/SmartClipboard/build/ModuleCache.noindex/Foundation-2KJWSOF4UI7UZ07N5QY0UM7AW.pcm /Users/chrislapointe/Projects/CurrentProjects/SmartClipboard/build/ModuleCache.noindex/OpenGL-88M0KI4RZVZWN5XT99IZK5KI1.pcm /Users/chrislapointe/Projects/CurrentProjects/SmartClipboard/build/ModuleCache.noindex/DeveloperToolsSupport-803TFZ7R8ZGI2FI97G3XV09EI.pcm /Users/chrislapointe/Projects/CurrentProjects/SmartClipboard/build/ModuleCache.noindex/_DarwinFoundation1-7KWP32BBRSST3936QOLKJ07TZ.pcm /Users/chrislapointe/Projects/CurrentProjects/SmartClipboard/build/ModuleCache.noindex/CoreFoundation-8MXVYRZM74DAFECLN7SU5DFL0.pcm /Users/chrislapointe/Projects/CurrentProjects/SmartClipboard/build/ModuleCache.noindex/CFNetwork-1PBE2YPXSKMQZTEHNT149BZOI.pcm /Users/chrislapointe/Projects/CurrentProjects/SmartClipboard/build/ModuleCache.noindex/CoreData-A4DJ3O8Q1FYN2GMPJHB45T7R5.pcm /Users/chrislapointe/Projects/CurrentProjects/SmartClipboard/build/ModuleCache.noindex/CoreImage-6O9JOKRXBWL98CD96S7J2UG32.pcm /Users/chrislapointe/Projects/CurrentProjects/SmartClipboard/build/ModuleCache.noindex/CoreText-3VI0EWL7ZBXHTL399W4FOROMO.pcm /Users/chrislapointe/Projects/CurrentProjects/SmartClipboard/build/ModuleCache.noindex/CoreVideo-5TXO8RKIAAEAAV90X0H8GU76D.pcm /Users/chrislapointe/Projects/CurrentProjects/SmartClipboard/build/ModuleCache.noindex/QuartzCore-52TBMA1BSYYTX4B1QYI4PPVFG.pcm /Users/chrislapointe/Projects/CurrentProjects/SmartClipboard/build/ModuleCache.noindex/Security-POIVOQ1X1LORVR1W1F24LYK2.pcm /Users/chrislapointe/Projects/CurrentProjects/SmartClipboard/build/ModuleCache.noindex/launch-A9WFAX0W3OQ1TLXIDAEG1MWTH.pcm /Users/chrislapointe/Projects/CurrentProjects/SmartClipboard/build/ModuleCache.noindex/_Builtin_float-EN3GEX0NNLAHFCEFX8GIG36DP.pcm /Users/chrislapointe/Projects/CurrentProjects/SmartClipboard/build/ModuleCache.noindex/Darwin-E8UVOF8148QND4JXAQSMVYKKV.pcm /Users/chrislapointe/Projects/CurrentProjects/SmartClipboard/build/ModuleCache.noindex/OSLog-C7YQDQUQOPY1Q62XD6JO7EYLH.pcm /Users/chrislapointe/Projects/CurrentProjects/SmartClipboard/build/ModuleCache.noindex/libDER-3VMYUQS8S4Z3BKB615WQZIER0.pcm /Users/chrislapointe/Projects/CurrentProjects/SmartClipboard/build/ModuleCache.noindex/XPC-E0XEBPQMN3DVZYOU0DCNZ2M56.pcm /Users/chrislapointe/Projects/CurrentProjects/SmartClipboard/build/ModuleCache.noindex/sys_types-CV5L4HCG1RBFD01MWUQ85WJSA.pcm /Users/chrislapointe/Projects/CurrentProjects/SmartClipboard/build/ModuleCache.noindex/_AvailabilityInternal-3CA6MLMSURVZCQKEY31K053W8.pcm /Users/chrislapointe/Projects/CurrentProjects/SmartClipboard/build/ModuleCache.noindex/_Builtin_tgmath-CNSSBL7CX01NLCHGBGZVWTJ76.pcm /Users/chrislapointe/Projects/CurrentProjects/SmartClipboard/build/ModuleCache.noindex/ApplicationServices-5ET30HNH0V0X7PI4WHXUMZ4DJ.pcm /Users/chrislapointe/Projects/CurrentProjects/SmartClipboard/build/ModuleCache.noindex/os-12L1VPOH13CPRTMTE5IA5MVJM.pcm /Users/chrislapointe/Projects/CurrentProjects/SmartClipboard/build/ModuleCache.noindex/ptrauth-905MIEH2PJ0F4WD6XAXY29LAI.pcm /Users/chrislapointe/Projects/CurrentProjects/SmartClipboard/build/ModuleCache.noindex/CoreTransferable-4VBAXPYOCS92NFXGG87GOD5RS.pcm /Users/chrislapointe/Projects/CurrentProjects/SmartClipboard/build/ModuleCache.noindex/_Builtin_stdarg-D9N4VGLUINXF9P8FGLX5F3CCF.pcm /Users/chrislapointe/Projects/CurrentProjects/SmartClipboard/build/ModuleCache.noindex/CUPS-5OW2BJZD8ONACGOTU0J6XZTUA.pcm /Users/chrislapointe/Projects/CurrentProjects/SmartClipboard/build/ModuleCache.noindex/os_workgroup-1VLPL1HNHKIP4NGRR1WV7PZCM.pcm /Users/chrislapointe/Projects/CurrentProjects/SmartClipboard/build/ModuleCache.noindex/Symbols-CJ16BVH2W7MF4DZHVKL7EPTBX.pcm /Users/chrislapointe/Projects/CurrentProjects/SmartClipboard/build/ModuleCache.noindex/DataDetection-1UNOZHPU0SD6NTZOY8YTW0PGF.pcm /Users/chrislapointe/Projects/CurrentProjects/SmartClipboard/build/ModuleCache.noindex/_Builtin_stddef-6YK23L1RP97M2L8MMHRGBZM6E.pcm /Users/chrislapointe/Projects/CurrentProjects/SmartClipboard/build/ModuleCache.noindex/_Builtin_intrinsics-CZAB95JNCRHWGOGDOJFJMGX1J.pcm /Users/chrislapointe/Projects/CurrentProjects/SmartClipboard/build/ModuleCache.noindex/MachO-AP1E9XCE5YJHHBG9FFF2Y5D0I.pcm /Users/chrislapointe/Projects/CurrentProjects/SmartClipboard/build/ModuleCache.noindex/ObjectiveC-AUU25840CTARATJ61OS1YBPI9.pcm /Users/chrislapointe/Projects/CurrentProjects/SmartClipboard/build/ModuleCache.noindex/SwiftShims-7O2LBAP7VRYHZ5Y90913W14WZ.pcm /Users/chrislapointe/Projects/CurrentProjects/SmartClipboard/build/ModuleCache.noindex/ptrcheck-ECE0LJ6GCASX5K57PCJ2TUEG0.pcm /Users/chrislapointe/Projects/CurrentProjects/SmartClipboard/build/ModuleCache.noindex/Carbon-ACSME4T3LPHEA6295BPA49AMQ.pcm /Users/chrislapointe/Projects/CurrentProjects/SmartClipboard/build/ModuleCache.noindex/Accessibility-83VQAJYV0HC7FVTKWIMO283ZC.pcm /Users/chrislapointe/Projects/CurrentProjects/SmartClipboard/build/ModuleCache.noindex/CoreGraphics-7J64EH7V05NK0SO65FORNS96X.pcm /Users/chrislapointe/Projects/CurrentProjects/SmartClipboard/build/ModuleCache.noindex/SwiftUI-1GMC3DKOJYWQ6B877UK9J87C5.pcm /Users/chrislapointe/Projects/CurrentProjects/SmartClipboard/build/ModuleCache.noindex/IOKit-7LTGM4BTK4TIC0SCXBBN6MNXA.pcm /Users/chrislapointe/Projects/CurrentProjects/SmartClipboard/build/ModuleCache.noindex/ColorSync-9A4MZBZD2M3SFKO6JK1ATNW6H.pcm /Users/chrislapointe/Projects/CurrentProjects/SmartClipboard/build/ModuleCache.noindex/Spatial-4831J1QW6X8OYVU0YMBNRIU6Q.pcm /Users/chrislapointe/Projects/CurrentProjects/SmartClipboard/build/ModuleCache.noindex/CoreServices-B2PBUF37Q2FPG64NHRYBTLT9N.pcm /Users/chrislapointe/Projects/CurrentProjects/SmartClipboard/build/ModuleCache.noindex/UniformTypeIdentifiers-A924DG4PR0T6NMBMXDD5BY81M.pcm /Users/chrislapointe/Projects/CurrentProjects/SmartClipboard/build/ModuleCache.noindex/_DarwinFoundation3-CQE4WK6NGFHWCZ2CIDY7XYBN3.pcm /Users/chrislapointe/Projects/CurrentProjects/SmartClipboard/build/ModuleCache.noindex/_Builtin_stdatomic-CW3JMWVZG2YT10B3YUKU9YGR4.pcm /Users/chrislapointe/Projects/CurrentProjects/SmartClipboard/build/ModuleCache.noindex/SwiftUICore-5TSOK3Y1OJIKDIOFGUH22P4LM.pcm /Users/chrislapointe/Projects/CurrentProjects/SmartClipboard/build/ModuleCache.noindex/Dispatch-2WO2RS47KIHTZEHIFRX22Y6WH.pcm /Users/chrislapointe/Projects/CurrentProjects/SmartClipboard/build/ModuleCache.noindex/ImageIO-B2MYK2I4D006AEME3N8EFDEP8.pcm /Users/chrislapointe/Projects/CurrentProjects/SmartClipboard/build/ModuleCache.noindex/DiskArbitration-BFCJ501YYMB44G50BUGUK1U0A.pcm /Users/chrislapointe/Projects/CurrentProjects/SmartClipboard/build/ModuleCache.noindex/_Builtin_inttypes-7R5W1N9NWI9W8OXB9M7IGUJCR.pcm /Users/chrislapointe/Projects/CurrentProjects/SmartClipboard/build/ModuleCache.noindex/simd-3TIHU6AYBT8LUM4D5LICXBRV6.pcm /Users/chrislapointe/Projects/CurrentProjects/SmartClipboard/build/ModuleCache.noindex/AppKit-90JRVV68BQMGGVW85SD3AFFJM.pcm /Users/chrislapointe/Projects/CurrentProjects/SmartClipboard/build/ModuleCache.noindex/_Builtin_stdbool-6P0D1FH7FY85TAQUL6QLH071K.pcm /Users/chrislapointe/Projects/CurrentProjects/SmartClipboard/build/ModuleCache.noindex/_Builtin_limits-9BSV5K4647EBDYGECREP4A3Q.pcm /Users/chrislapointe/Projects/CurrentProjects/SmartClipboard/build/ModuleCache.noindex/Metal-60EN15JM35U4XT8YYZN52X113.pcm /Users/chrislapointe/Projects/CurrentProjects/SmartClipboard/build/Build/Intermediates.noindex/SmartClipboard.build/Release/SmartClipboard.build/Objects-normal/arm64/SmartClipboard-dependencies-1.json (in target 'SmartClipboard' from project 'SmartClipboard')

CompileSwift normal arm64 (in target 'SmartClipboard' from project 'SmartClipboard')
    cd /Users/chrislapointe/Projects/CurrentProjects/SmartClipboard
    
/Users/chrislapointe/Projects/CurrentProjects/SmartClipboard/SmartClipboard/ClipboardManager.swift:7:29: warning: cannot expand accessor macro on variable declared with 'let'; this is an error in the Swift 6 language mode
    @Attribute(.unique) let id: UUID
                            ^
/Users/chrislapointe/Projects/CurrentProjects/SmartClipboard/SmartClipboard/ClipboardManager.swift:7:29: warning: cannot expand accessor macro on variable declared with 'let'; this is an error in the Swift 6 language mode
    @Attribute(.unique) let id: UUID
                            ^
/Users/chrislapointe/Projects/CurrentProjects/SmartClipboard/SmartClipboard/ClipboardManager.swift:8:9: warning: cannot expand accessor macro on variable declared with 'let'; this is an error in the Swift 6 language mode
    let content: String
        ^
/Users/chrislapointe/Projects/CurrentProjects/SmartClipboard/SmartClipboard/ClipboardManager.swift:8:9: warning: cannot expand accessor macro on variable declared with 'let'; this is an error in the Swift 6 language mode
    let content: String
        ^
/Users/chrislapointe/Projects/CurrentProjects/SmartClipboard/SmartClipboard/ContentView.swift:85:10: warning: 'onChange(of:perform:)' was deprecated in macOS 14.0: Use `onChange` with a two or zero parameter action closure instead.
        .onChange(of: showingSettings) { newValue in
         ^
/Users/chrislapointe/Projects/CurrentProjects/SmartClipboard/SmartClipboard/ContentView.swift:108:26: warning: 'onChange(of:perform:)' was deprecated in macOS 14.0: Use `onChange` with a two or zero parameter action closure instead.
                        .onChange(of: searchQuery) { _ in
                         ^
/Users/chrislapointe/Projects/CurrentProjects/SmartClipboard/SmartClipboard/SettingsView.swift:59:30: warning: 'onChange(of:perform:)' was deprecated in macOS 14.0: Use `onChange` with a two or zero parameter action closure instead.
                            .onChange(of: launchAtLogin) { newValue in
                             ^
/Users/chrislapointe/Projects/CurrentProjects/SmartClipboard/SmartClipboard/StatusItemManager.swift:12:62: error: cannot find type 'ModelContainer' in scope
    init(clipboardManager: ClipboardManager, modelContainer: ModelContainer) {
                                                             ^~~~~~~~~~~~~~
/Users/chrislapointe/Projects/CurrentProjects/SmartClipboard/SmartClipboard/StatusItemManager.swift:10:33: error: cannot find type 'ModelContainer' in scope
    private let modelContainer: ModelContainer
                                ^~~~~~~~~~~~~~

Failed frontend command:
/Volumes/External/Applications/Xcode.app/Contents/Developer/Toolchains/XcodeDefault.xctoolchain/usr/bin/swift-frontend -frontend -c /Users/chrislapointe/Projects/CurrentProjects/SmartClipboard/SmartClipboard/ClipboardManager.swift /Users/chrislapointe/Projects/CurrentProjects/SmartClipboard/SmartClipboard/ContentView.swift /Users/chrislapointe/Projects/CurrentProjects/SmartClipboard/SmartClipboard/GeminiService.swift /Users/chrislapointe/Projects/CurrentProjects/SmartClipboard/SmartClipboard/GlobalHotkeyManager.swift /Users/chrislapointe/Projects/CurrentProjects/SmartClipboard/SmartClipboard/SettingsView.swift /Users/chrislapointe/Projects/CurrentProjects/SmartClipboard/SmartClipboard/SmartClipboardApp.swift /Users/chrislapointe/Projects/CurrentProjects/SmartClipboard/SmartClipboard/StatusItemManager.swift -supplementary-output-file-map /Users/chrislapointe/Projects/CurrentProjects/SmartClipboard/build/Build/Intermediates.noindex/SmartClipboard.build/Release/SmartClipboard.build/Objects-normal/arm64/supplementaryOutputs-1 -target arm64-apple-macos14.0 -disable-cross-import-overlay-search -swift-module-cross-import SwiftData /Volumes/External/Applications/Xcode.app/Contents/Developer/Platforms/MacOSX.platform/Developer/SDKs/MacOSX26.2.sdk/System/Library/Frameworks/SwiftData.framework/Modules/SwiftData.swiftcrossimport/CoreData.swiftoverlay -swift-module-cross-import SwiftData /Volumes/External/Applications/Xcode.app/Contents/Developer/Platforms/MacOSX.platform/Developer/SDKs/MacOSX26.2.sdk/System/Library/Frameworks/SwiftData.framework/Modules/SwiftData.swiftcrossimport/SwiftUI.swiftoverlay -load-resolved-plugin /Volumes/External/Applications/Xcode.app/Contents/Developer/Platforms/MacOSX.platform/Developer/usr/lib/swift/host/plugins/libFoundationMacros.dylib\#/Volumes/External/Applications/Xcode.app/Contents/Developer/Platforms/MacOSX.platform/Developer/usr/bin/swift-plugin-server\#FoundationMacros -load-resolved-plugin /Volumes/External/Applications/Xcode.app/Contents/Developer/Platforms/MacOSX.platform/Developer/usr/lib/swift/host/plugins/libObservationMacros.dylib\#/Volumes/External/Applications/Xcode.app/Contents/Developer/Platforms/MacOSX.platform/Developer/usr/bin/swift-plugin-server\#ObservationMacros -load-resolved-plugin /Volumes/External/Applications/Xcode.app/Contents/Developer/Platforms/MacOSX.platform/Developer/usr/lib/swift/host/plugins/libPreviewsMacros.dylib\#/Volumes/External/Applications/Xcode.app/Contents/Developer/Platforms/MacOSX.platform/Developer/usr/bin/swift-plugin-server\#PreviewsMacros -load-resolved-plugin /Volumes/External/Applications/Xcode.app/Contents/Developer/Platforms/MacOSX.platform/Developer/usr/lib/swift/host/plugins/libSwiftDataMacros.dylib\#/Volumes/External/Applications/Xcode.app/Contents/Developer/Platforms/MacOSX.platform/Developer/usr/bin/swift-plugin-server\#SwiftDataMacros -load-resolved-plugin /Volumes/External/Applications/Xcode.app/Contents/Developer/Platforms/MacOSX.platform/Developer/usr/lib/swift/host/plugins/libSwiftMacros.dylib\#/Volumes/External/Applications/Xcode.app/Contents/Developer/Platforms/MacOSX.platform/Developer/usr/bin/swift-plugin-server\#SwiftMacros -load-resolved-plugin /Volumes/External/Applications/Xcode.app/Contents/Developer/Platforms/MacOSX.platform/Developer/usr/lib/swift/host/plugins/libSwiftUIMacros.dylib\#/Volumes/External/Applications/Xcode.app/Contents/Developer/Platforms/MacOSX.platform/Developer/usr/bin/swift-plugin-server\#SwiftUIMacros -disable-implicit-swift-modules -Xcc -fno-implicit-modules -Xcc -fno-implicit-module-maps -explicit-swift-module-map-file /Users/chrislapointe/Projects/CurrentProjects/SmartClipboard/build/Build/Intermediates.noindex/SmartClipboard.build/Release/SmartClipboard.build/Objects-normal/arm64/SmartClipboard-dependencies-1.json -Xllvm -aarch64-use-tbi -enable-objc-interop -stack-check -sdk /Volumes/External/Applications/Xcode.app/Contents/Developer/Platforms/MacOSX.platform/Developer/SDKs/MacOSX26.2.sdk -I /Users/chrislapointe/Projects/CurrentProjects/SmartClipboard/build/Build/Products/Release -F /Users/chrislapointe/Projects/CurrentProjects/SmartClipboard/build/Build/Products/Release -no-color-diagnostics -Xcc -fno-color-diagnostics -g -debug-info-format\=dwarf -dwarf-version\=4 -module-cache-path /Users/chrislapointe/Projects/CurrentProjects/SmartClipboard/build/Build/Intermediates.noindex/SwiftExplicitPrecompiledModules -swift-version 5 -enforce-exclusivity\=checked -O -serialize-debugging-options -const-gather-protocols-file /Users/chrislapointe/Projects/CurrentProjects/SmartClipboard/build/Build/Intermediates.noindex/SmartClipboard.build/Release/SmartClipboard.build/Objects-normal/arm64/SmartClipboard_const_extract_protocols.json -enable-experimental-feature DebugDescriptionMacro -enable-bare-slash-regex -empty-abi-descriptor -validate-clang-modules-once -clang-build-session-file /Users/chrislapointe/Projects/CurrentProjects/SmartClipboard/build/ModuleCache.noindex/Session.modulevalidation -Xcc -working-directory -Xcc /Users/chrislapointe/Projects/CurrentProjects/SmartClipboard -file-compilation-dir /Users/chrislapointe/Projects/CurrentProjects/SmartClipboard -Xcc -ivfsstatcache -Xcc /Users/chrislapointe/Projects/CurrentProjects/SmartClipboard/build/SDKStatCaches.noindex/macosx26.2-25C57-6362884308268a173e1a736c941f2f4b.sdkstatcache -Xcc -I/Users/chrislapointe/Projects/CurrentProjects/SmartClipboard/build/Build/Intermediates.noindex/SmartClipboard.build/Release/SmartClipboard.build/swift-overrides.hmap -Xcc -iquote -Xcc /Users/chrislapointe/Projects/CurrentProjects/SmartClipboard/build/Build/Intermediates.noindex/SmartClipboard.build/Release/SmartClipboard.build/SmartClipboard-generated-files.hmap -Xcc -I/Users/chrislapointe/Projects/CurrentProjects/SmartClipboard/build/Build/Intermediates.noindex/SmartClipboard.build/Release/SmartClipboard.build/SmartClipboard-own-target-headers.hmap -Xcc -I/Users/chrislapointe/Projects/CurrentProjects/SmartClipboard/build/Build/Intermediates.noindex/SmartClipboard.build/Release/SmartClipboard.build/SmartClipboard-all-target-headers.hmap -Xcc -iquote -Xcc /Users/chrislapointe/Projects/CurrentProjects/SmartClipboard/build/Build/Intermediates.noindex/SmartClipboard.build/Release/SmartClipboard.build/SmartClipboard-project-headers.hmap -Xcc -I/Users/chrislapointe/Projects/CurrentProjects/SmartClipboard/build/Build/Products/Release/include -Xcc -I/Users/chrislapointe/Projects/CurrentProjects/SmartClipboard/build/Build/Intermediates.noindex/SmartClipboard.build/Release/SmartClipboard.build/DerivedSources-normal/arm64 -Xcc -I/Users/chrislapointe/Projects/CurrentProjects/SmartClipboard/build/Build/Intermediates.noindex/SmartClipboard.build/Release/SmartClipboard.build/DerivedSources/arm64 -Xcc -I/Users/chrislapointe/Projects/CurrentProjects/SmartClipboard/build/Build/Intermediates.noindex/SmartClipboard.build/Release/SmartClipboard.build/DerivedSources -no-auto-bridging-header-chaining -module-name SmartClipboard -frontend-parseable-output -disable-clang-spi -target-sdk-version 26.2 -target-sdk-name macosx26.2 -clang-target arm64-apple-macos26.2 -in-process-plugin-server-path /Volumes/External/Applications/Xcode.app/Contents/Developer/Toolchains/XcodeDefault.xctoolchain/usr/lib/swift/host/libSwiftInProcPluginServer.dylib -enable-default-cmo -num-threads 10 -o /Users/chrislapointe/Projects/CurrentProjects/SmartClipboard/build/Build/Intermediates.noindex/SmartClipboard.build/Release/SmartClipboard.build/Objects-normal/arm64/ClipboardManager.o -o /Users/chrislapointe/Projects/CurrentProjects/SmartClipboard/build/Build/Intermediates.noindex/SmartClipboard.build/Release/SmartClipboard.build/Objects-normal/arm64/ContentView.o -o /Users/chrislapointe/Projects/CurrentProjects/SmartClipboard/build/Build/Intermediates.noindex/SmartClipboard.build/Release/SmartClipboard.build/Objects-normal/arm64/GeminiService.o -o /Users/chrislapointe/Projects/CurrentProjects/SmartClipboard/build/Build/Intermediates.noindex/SmartClipboard.build/Release/SmartClipboard.build/Objects-normal/arm64/GlobalHotkeyManager.o -o /Users/chrislapointe/Projects/CurrentProjects/SmartClipboard/build/Build/Intermediates.noindex/SmartClipboard.build/Release/SmartClipboard.build/Objects-normal/arm64/SettingsView.o -o /Users/chrislapointe/Projects/CurrentProjects/SmartClipboard/build/Build/Intermediates.noindex/SmartClipboard.build/Release/SmartClipboard.build/Objects-normal/arm64/SmartClipboardApp.o -o /Users/chrislapointe/Projects/CurrentProjects/SmartClipboard/build/Build/Intermediates.noindex/SmartClipboard.build/Release/SmartClipboard.build/Objects-normal/arm64/StatusItemManager.o -index-unit-output-path /SmartClipboard.build/Release/SmartClipboard.build/Objects-normal/arm64/ClipboardManager.o -index-unit-output-path /SmartClipboard.build/Release/SmartClipboard.build/Objects-normal/arm64/ContentView.o -index-unit-output-path /SmartClipboard.build/Release/SmartClipboard.build/Objects-normal/arm64/GeminiService.o -index-unit-output-path /SmartClipboard.build/Release/SmartClipboard.build/Objects-normal/arm64/GlobalHotkeyManager.o -index-unit-output-path /SmartClipboard.build/Release/SmartClipboard.build/Objects-normal/arm64/SettingsView.o -index-unit-output-path /SmartClipboard.build/Release/SmartClipboard.build/Objects-normal/arm64/SmartClipboardApp.o -index-unit-output-path /SmartClipboard.build/Release/SmartClipboard.build/Objects-normal/arm64/StatusItemManager.o
** BUILD FAILED **


The following build commands failed:
	CompileSwift normal arm64 (in target 'SmartClipboard' from project 'SmartClipboard')
	SwiftCompile normal arm64 Compiling\ ClipboardManager.swift,\ ContentView.swift,\ GeminiService.swift,\ GlobalHotkeyManager.swift,\ SettingsView.swift,\ SmartClipboardApp.swift,\ StatusItemManager.swift /Users/chrislapointe/Projects/CurrentProjects/SmartClipboard/SmartClipboard/ClipboardManager.swift /Users/chrislapointe/Projects/CurrentProjects/SmartClipboard/SmartClipboard/ContentView.swift /Users/chrislapointe/Projects/CurrentProjects/SmartClipboard/SmartClipboard/GeminiService.swift /Users/chrislapointe/Projects/CurrentProjects/SmartClipboard/SmartClipboard/GlobalHotkeyManager.swift /Users/chrislapointe/Projects/CurrentProjects/SmartClipboard/SmartClipboard/SettingsView.swift /Users/chrislapointe/Projects/CurrentProjects/SmartClipboard/SmartClipboard/SmartClipboardApp.swift /Users/chrislapointe/Projects/CurrentProjects/SmartClipboard/SmartClipboard/StatusItemManager.swift /Volumes/External/Applications/Xcode.app/Contents/Developer/Toolchains/XcodeDefault.xctoolchain/usr/lib/swift/macosx/prebuilt-modules/26.2/UniformTypeIdentifiers.swiftmodule/arm64e-apple-macos.swiftmodule /Volumes/External/Applications/Xcode.app/Contents/Developer/Toolchains/XcodeDefault.xctoolchain/usr/lib/swift/macosx/prebuilt-modules/26.2/Symbols.swiftmodule/arm64e-apple-macos.swiftmodule /Volumes/External/Applications/Xcode.app/Contents/Developer/Toolchains/XcodeDefault.xctoolchain/usr/lib/swift/macosx/prebuilt-modules/26.2/CoreData.swiftmodule/arm64e-apple-macos.swiftmodule /Volumes/External/Applications/Xcode.app/Contents/Developer/Toolchains/XcodeDefault.xctoolchain/usr/lib/swift/macosx/prebuilt-modules/26.2/Foundation.swiftmodule/arm64e-apple-macos.swiftmodule /Volumes/External/Applications/Xcode.app/Contents/Developer/Toolchains/XcodeDefault.xctoolchain/usr/lib/swift/macosx/prebuilt-modules/26.2/_SwiftData_SwiftUI.swiftmodule/arm64e-apple-macos.swiftmodule /Volumes/External/Applications/Xcode.app/Contents/Developer/Toolchains/XcodeDefault.xctoolchain/usr/lib/swift/macosx/prebuilt-modules/26.2/_Builtin_float.swiftmodule/arm64e-apple-macos.swiftmodule /Volumes/External/Applications/Xcode.app/Contents/Developer/Toolchains/XcodeDefault.xctoolchain/usr/lib/swift/macosx/prebuilt-modules/26.2/DataDetection.swiftmodule/arm64e-apple-macos.swiftmodule /Volumes/External/Applications/Xcode.app/Contents/Developer/Toolchains/XcodeDefault.xctoolchain/usr/lib/swift/macosx/prebuilt-modules/26.2/DeveloperToolsSupport.swiftmodule/arm64e-apple-macos.swiftmodule /Volumes/External/Applications/Xcode.app/Contents/Developer/Toolchains/XcodeDefault.xctoolchain/usr/lib/swift/macosx/prebuilt-modules/26.2/IOKit.swiftmodule/arm64e-apple-macos.swiftmodule /Volumes/External/Applications/Xcode.app/Contents/Developer/Toolchains/XcodeDefault.xctoolchain/usr/lib/swift/macosx/prebuilt-modules/26.2/System.swiftmodule/arm64e-apple-macos.swiftmodule /Volumes/External/Applications/Xcode.app/Contents/Developer/Toolchains/XcodeDefault.xctoolchain/usr/lib/swift/macosx/prebuilt-modules/26.2/QuartzCore.swiftmodule/arm64e-apple-macos.swiftmodule /Volumes/External/Applications/Xcode.app/Contents/Developer/Toolchains/XcodeDefault.xctoolchain/usr/lib/swift/macosx/prebuilt-modules/26.2/Combine.swiftmodule/arm64e-apple-macos.swiftmodule /Volumes/External/Applications/Xcode.app/Contents/Developer/Toolchains/XcodeDefault.xctoolchain/usr/lib/swift/macosx/prebuilt-modules/26.2/SwiftData.swiftmodule/arm64e-apple-macos.swiftmodule /Volumes/External/Applications/Xcode.app/Contents/Developer/Toolchains/XcodeDefault.xctoolchain/usr/lib/swift/macosx/prebuilt-modules/26.2/_DarwinFoundation3.swiftmodule/arm64e-apple-macos.swiftmodule /Volumes/External/Applications/Xcode.app/Contents/Developer/Toolchains/XcodeDefault.xctoolchain/usr/lib/swift/macosx/prebuilt-modules/26.2/CoreTransferable.swiftmodule/arm64e-apple-macos.swiftmodule /Volumes/External/Applications/Xcode.app/Contents/Developer/Toolchains/XcodeDefault.xctoolchain/usr/lib/swift/macosx/prebuilt-modules/26.2/os.swiftmodule/arm64e-apple-macos.swiftmodule /Volumes/External/Applications/Xcode.app/Contents/Developer/Toolchains/XcodeDefault.xctoolchain/usr/lib/swift/macosx/prebuilt-modules/26.2/Darwin.swiftmodule/arm64e-apple-macos.swiftmodule /Volumes/External/Applications/Xcode.app/Contents/Developer/Toolchains/XcodeDefault.xctoolchain/usr/lib/swift/macosx/prebuilt-modules/26.2/Observation.swiftmodule/arm64e-apple-macos.swiftmodule /Volumes/External/Applications/Xcode.app/Contents/Developer/Toolchains/XcodeDefault.xctoolchain/usr/lib/swift/macosx/prebuilt-modules/26.2/Spatial.swiftmodule/arm64e-apple-macos.swiftmodule /Volumes/External/Applications/Xcode.app/Contents/Developer/Toolchains/XcodeDefault.xctoolchain/usr/lib/swift/macosx/prebuilt-modules/26.2/AppKit.swiftmodule/arm64e-apple-macos.swiftmodule /Volumes/External/Applications/Xcode.app/Contents/Developer/Toolchains/XcodeDefault.xctoolchain/usr/lib/swift/macosx/prebuilt-modules/26.2/OSLog.swiftmodule/arm64e-apple-macos.swiftmodule /Volumes/External/Applications/Xcode.app/Contents/Developer/Toolchains/XcodeDefault.xctoolchain/usr/lib/swift/macosx/prebuilt-modules/26.2/simd.swiftmodule/arm64e-apple-macos.swiftmodule /Volumes/External/Applications/Xcode.app/Contents/Developer/Toolchains/XcodeDefault.xctoolchain/usr/lib/swift/macosx/prebuilt-modules/26.2/Accessibility.swiftmodule/arm64e-apple-macos.swiftmodule /Volumes/External/Applications/Xcode.app/Contents/Developer/Toolchains/XcodeDefault.xctoolchain/usr/lib/swift/macosx/prebuilt-modules/26.2/Metal.swiftmodule/arm64e-apple-macos.swiftmodule /Volumes/External/Applications/Xcode.app/Contents/Developer/Toolchains/XcodeDefault.xctoolchain/usr/lib/swift/macosx/prebuilt-modules/26.2/CoreGraphics.swiftmodule/arm64e-apple-macos.swiftmodule /Volumes/External/Applications/Xcode.app/Contents/Developer/Toolchains/XcodeDefault.xctoolchain/usr/lib/swift/macosx/prebuilt-modules/26.2/SwiftUI.swiftmodule/arm64e-apple-macos.swiftmodule /Volumes/External/Applications/Xcode.app/Contents/Developer/Toolchains/XcodeDefault.xctoolchain/usr/lib/swift/macosx/prebuilt-modules/26.2/Dispatch.swiftmodule/arm64e-apple-macos.swiftmodule /Volumes/External/Applications/Xcode.app/Contents/Developer/Toolchains/XcodeDefault.xctoolchain/usr/lib/swift/macosx/prebuilt-modules/26.2/CoreImage.swiftmodule/arm64e-apple-macos.swiftmodule /Volumes/External/Applications/Xcode.app/Contents/Developer/Toolchains/XcodeDefault.xctoolchain/usr/lib/swift/macosx/prebuilt-modules/26.2/_Concurrency.swiftmodule/arm64e-apple-macos.swiftmodule /Volumes/External/Applications/Xcode.app/Contents/Developer/Toolchains/XcodeDefault.xctoolchain/usr/lib/swift/macosx/prebuilt-modules/26.2/_DarwinFoundation1.swiftmodule/arm64e-apple-macos.swiftmodule /Volumes/External/Applications/Xcode.app/Contents/Developer/Toolchains/XcodeDefault.xctoolchain/usr/lib/swift/macosx/prebuilt-modules/26.2/XPC.swiftmodule/arm64e-apple-macos.swiftmodule /Volumes/External/Applications/Xcode.app/Contents/Developer/Toolchains/XcodeDefault.xctoolchain/usr/lib/swift/macosx/prebuilt-modules/26.2/_DarwinFoundation2.swiftmodule/arm64e-apple-macos.swiftmodule /Volumes/External/Applications/Xcode.app/Contents/Developer/Toolchains/XcodeDefault.xctoolchain/usr/lib/swift/macosx/prebuilt-modules/26.2/CoreVideo.swiftmodule/arm64e-apple-macos.swiftmodule /Volumes/External/Applications/Xcode.app/Contents/Developer/Toolchains/XcodeDefault.xctoolchain/usr/lib/swift/macosx/prebuilt-modules/26.2/ObjectiveC.swiftmodule/arm64e-apple-macos.swiftmodule /Volumes/External/Applications/Xcode.app/Contents/Developer/Toolchains/XcodeDefault.xctoolchain/usr/lib/swift/macosx/prebuilt-modules/26.2/SwiftUICore.swiftmodule/arm64e-apple-macos.swiftmodule /Volumes/External/Applications/Xcode.app/Contents/Developer/Toolchains/XcodeDefault.xctoolchain/usr/lib/swift/macosx/prebuilt-modules/26.2/CoreFoundation.swiftmodule/arm64e-apple-macos.swiftmodule /Volumes/External/Applications/Xcode.app/Contents/Developer/Toolchains/XcodeDefault.xctoolchain/usr/lib/swift/macosx/prebuilt-modules/26.2/_StringProcessing.swiftmodule/arm64e-apple-macos.swiftmodule /Volumes/External/Applications/Xcode.app/Contents/Developer/Toolchains/XcodeDefault.xctoolchain/usr/lib/swift/macosx/prebuilt-modules/26.2/Swift.swiftmodule/arm64e-apple-macos.swiftmodule /Volumes/External/Applications/Xcode.app/Contents/Developer/Toolchains/XcodeDefault.xctoolchain/usr/lib/swift/macosx/prebuilt-modules/26.2/CoreText.swiftmodule/arm64e-apple-macos.swiftmodule /Users/chrislapointe/Projects/CurrentProjects/SmartClipboard/build/ModuleCache.noindex/libkern-BQZ0XTAY78BTTJVRS6QPHLU8V.pcm /Users/chrislapointe/Projects/CurrentProjects/SmartClipboard/build/ModuleCache.noindex/_Builtin_stdint-DIVFU35W1CF6J5S5YR8MD178Y.pcm /Users/chrislapointe/Projects/CurrentProjects/SmartClipboard/build/ModuleCache.noindex/ServiceManagement-E32F2VNVF4ZVBXO4N7NT43QE9.pcm /Users/chrislapointe/Projects/CurrentProjects/SmartClipboard/build/ModuleCache.noindex/IOSurface-7ILZN1WKMPQK0CCST7R2XDVOI.pcm /Users/chrislapointe/Projects/CurrentProjects/SmartClipboard/build/ModuleCache.noindex/_DarwinFoundation2-4HDJD6F2IWGV2HB1RPOQ9JMUL.pcm /Users/chrislapointe/Projects/CurrentProjects/SmartClipboard/build/ModuleCache.noindex/os_object-CUADEJA65BWHEN6YBVP09W6YX.pcm /Users/chrislapointe/Projects/CurrentProjects/SmartClipboard/build/ModuleCache.noindex/_SwiftConcurrencyShims-2SPP0X5R8J581MN4IS1ISWP55.pcm /Users/chrislapointe/Projects/CurrentProjects/SmartClipboard/build/ModuleCache.noindex/Foundation-2KJWSOF4UI7UZ07N5QY0UM7AW.pcm /Users/chrislapointe/Projects/CurrentProjects/SmartClipboard/build/ModuleCache.noindex/OpenGL-88M0KI4RZVZWN5XT99IZK5KI1.pcm /Users/chrislapointe/Projects/CurrentProjects/SmartClipboard/build/ModuleCache.noindex/DeveloperToolsSupport-803TFZ7R8ZGI2FI97G3XV09EI.pcm /Users/chrislapointe/Projects/CurrentProjects/SmartClipboard/build/ModuleCache.noindex/_DarwinFoundation1-7KWP32BBRSST3936QOLKJ07TZ.pcm /Users/chrislapointe/Projects/CurrentProjects/SmartClipboard/build/ModuleCache.noindex/CoreFoundation-8MXVYRZM74DAFECLN7SU5DFL0.pcm /Users/chrislapointe/Projects/CurrentProjects/SmartClipboard/build/ModuleCache.noindex/CFNetwork-1PBE2YPXSKMQZTEHNT149BZOI.pcm /Users/chrislapointe/Projects/CurrentProjects/SmartClipboard/build/ModuleCache.noindex/CoreData-A4DJ3O8Q1FYN2GMPJHB45T7R5.pcm /Users/chrislapointe/Projects/CurrentProjects/SmartClipboard/build/ModuleCache.noindex/CoreImage-6O9JOKRXBWL98CD96S7J2UG32.pcm /Users/chrislapointe/Projects/CurrentProjects/SmartClipboard/build/ModuleCache.noindex/CoreText-3VI0EWL7ZBXHTL399W4FOROMO.pcm /Users/chrislapointe/Projects/CurrentProjects/SmartClipboard/build/ModuleCache.noindex/CoreVideo-5TXO8RKIAAEAAV90X0H8GU76D.pcm /Users/chrislapointe/Projects/CurrentProjects/SmartClipboard/build/ModuleCache.noindex/QuartzCore-52TBMA1BSYYTX4B1QYI4PPVFG.pcm /Users/chrislapointe/Projects/CurrentProjects/SmartClipboard/build/ModuleCache.noindex/Security-POIVOQ1X1LORVR1W1F24LYK2.pcm /Users/chrislapointe/Projects/CurrentProjects/SmartClipboard/build/ModuleCache.noindex/launch-A9WFAX0W3OQ1TLXIDAEG1MWTH.pcm /Users/chrislapointe/Projects/CurrentProjects/SmartClipboard/build/ModuleCache.noindex/_Builtin_float-EN3GEX0NNLAHFCEFX8GIG36DP.pcm /Users/chrislapointe/Projects/CurrentProjects/SmartClipboard/build/ModuleCache.noindex/Darwin-E8UVOF8148QND4JXAQSMVYKKV.pcm /Users/chrislapointe/Projects/CurrentProjects/SmartClipboard/build/ModuleCache.noindex/OSLog-C7YQDQUQOPY1Q62XD6JO7EYLH.pcm /Users/chrislapointe/Projects/CurrentProjects/SmartClipboard/build/ModuleCache.noindex/libDER-3VMYUQS8S4Z3BKB615WQZIER0.pcm /Users/chrislapointe/Projects/CurrentProjects/SmartClipboard/build/ModuleCache.noindex/XPC-E0XEBPQMN3DVZYOU0DCNZ2M56.pcm /Users/chrislapointe/Projects/CurrentProjects/SmartClipboard/build/ModuleCache.noindex/sys_types-CV5L4HCG1RBFD01MWUQ85WJSA.pcm /Users/chrislapointe/Projects/CurrentProjects/SmartClipboard/build/ModuleCache.noindex/_AvailabilityInternal-3CA6MLMSURVZCQKEY31K053W8.pcm /Users/chrislapointe/Projects/CurrentProjects/SmartClipboard/build/ModuleCache.noindex/_Builtin_tgmath-CNSSBL7CX01NLCHGBGZVWTJ76.pcm /Users/chrislapointe/Projects/CurrentProjects/SmartClipboard/build/ModuleCache.noindex/ApplicationServices-5ET30HNH0V0X7PI4WHXUMZ4DJ.pcm /Users/chrislapointe/Projects/CurrentProjects/SmartClipboard/build/ModuleCache.noindex/os-12L1VPOH13CPRTMTE5IA5MVJM.pcm /Users/chrislapointe/Projects/CurrentProjects/SmartClipboard/build/ModuleCache.noindex/ptrauth-905MIEH2PJ0F4WD6XAXY29LAI.pcm /Users/chrislapointe/Projects/CurrentProjects/SmartClipboard/build/ModuleCache.noindex/CoreTransferable-4VBAXPYOCS92NFXGG87GOD5RS.pcm /Users/chrislapointe/Projects/CurrentProjects/SmartClipboard/build/ModuleCache.noindex/_Builtin_stdarg-D9N4VGLUINXF9P8FGLX5F3CCF.pcm /Users/chrislapointe/Projects/CurrentProjects/SmartClipboard/build/ModuleCache.noindex/CUPS-5OW2BJZD8ONACGOTU0J6XZTUA.pcm /Users/chrislapointe/Projects/CurrentProjects/SmartClipboard/build/ModuleCache.noindex/os_workgroup-1VLPL1HNHKIP4NGRR1WV7PZCM.pcm /Users/chrislapointe/Projects/CurrentProjects/SmartClipboard/build/ModuleCache.noindex/Symbols-CJ16BVH2W7MF4DZHVKL7EPTBX.pcm /Users/chrislapointe/Projects/CurrentProjects/SmartClipboard/build/ModuleCache.noindex/DataDetection-1UNOZHPU0SD6NTZOY8YTW0PGF.pcm /Users/chrislapointe/Projects/CurrentProjects/SmartClipboard/build/ModuleCache.noindex/_Builtin_stddef-6YK23L1RP97M2L8MMHRGBZM6E.pcm /Users/chrislapointe/Projects/CurrentProjects/SmartClipboard/build/ModuleCache.noindex/_Builtin_intrinsics-CZAB95JNCRHWGOGDOJFJMGX1J.pcm /Users/chrislapointe/Projects/CurrentProjects/SmartClipboard/build/ModuleCache.noindex/MachO-AP1E9XCE5YJHHBG9FFF2Y5D0I.pcm /Users/chrislapointe/Projects/CurrentProjects/SmartClipboard/build/ModuleCache.noindex/ObjectiveC-AUU25840CTARATJ61OS1YBPI9.pcm /Users/chrislapointe/Projects/CurrentProjects/SmartClipboard/build/ModuleCache.noindex/SwiftShims-7O2LBAP7VRYHZ5Y90913W14WZ.pcm /Users/chrislapointe/Projects/CurrentProjects/SmartClipboard/build/ModuleCache.noindex/ptrcheck-ECE0LJ6GCASX5K57PCJ2TUEG0.pcm /Users/chrislapointe/Projects/CurrentProjects/SmartClipboard/build/ModuleCache.noindex/Carbon-ACSME4T3LPHEA6295BPA49AMQ.pcm /Users/chrislapointe/Projects/CurrentProjects/SmartClipboard/build/ModuleCache.noindex/Accessibility-83VQAJYV0HC7FVTKWIMO283ZC.pcm /Users/chrislapointe/Projects/CurrentProjects/SmartClipboard/build/ModuleCache.noindex/CoreGraphics-7J64EH7V05NK0SO65FORNS96X.pcm /Users/chrislapointe/Projects/CurrentProjects/SmartClipboard/build/ModuleCache.noindex/SwiftUI-1GMC3DKOJYWQ6B877UK9J87C5.pcm /Users/chrislapointe/Projects/CurrentProjects/SmartClipboard/build/ModuleCache.noindex/IOKit-7LTGM4BTK4TIC0SCXBBN6MNXA.pcm /Users/chrislapointe/Projects/CurrentProjects/SmartClipboard/build/ModuleCache.noindex/ColorSync-9A4MZBZD2M3SFKO6JK1ATNW6H.pcm /Users/chrislapointe/Projects/CurrentProjects/SmartClipboard/build/ModuleCache.noindex/Spatial-4831J1QW6X8OYVU0YMBNRIU6Q.pcm /Users/chrislapointe/Projects/CurrentProjects/SmartClipboard/build/ModuleCache.noindex/CoreServices-B2PBUF37Q2FPG64NHRYBTLT9N.pcm /Users/chrislapointe/Projects/CurrentProjects/SmartClipboard/build/ModuleCache.noindex/UniformTypeIdentifiers-A924DG4PR0T6NMBMXDD5BY81M.pcm /Users/chrislapointe/Projects/CurrentProjects/SmartClipboard/build/ModuleCache.noindex/_DarwinFoundation3-CQE4WK6NGFHWCZ2CIDY7XYBN3.pcm /Users/chrislapointe/Projects/CurrentProjects/SmartClipboard/build/ModuleCache.noindex/_Builtin_stdatomic-CW3JMWVZG2YT10B3YUKU9YGR4.pcm /Users/chrislapointe/Projects/CurrentProjects/SmartClipboard/build/ModuleCache.noindex/SwiftUICore-5TSOK3Y1OJIKDIOFGUH22P4LM.pcm /Users/chrislapointe/Projects/CurrentProjects/SmartClipboard/build/ModuleCache.noindex/Dispatch-2WO2RS47KIHTZEHIFRX22Y6WH.pcm /Users/chrislapointe/Projects/CurrentProjects/SmartClipboard/build/ModuleCache.noindex/ImageIO-B2MYK2I4D006AEME3N8EFDEP8.pcm /Users/chrislapointe/Projects/CurrentProjects/SmartClipboard/build/ModuleCache.noindex/DiskArbitration-BFCJ501YYMB44G50BUGUK1U0A.pcm /Users/chrislapointe/Projects/CurrentProjects/SmartClipboard/build/ModuleCache.noindex/_Builtin_inttypes-7R5W1N9NWI9W8OXB9M7IGUJCR.pcm /Users/chrislapointe/Projects/CurrentProjects/SmartClipboard/build/ModuleCache.noindex/simd-3TIHU6AYBT8LUM4D5LICXBRV6.pcm /Users/chrislapointe/Projects/CurrentProjects/SmartClipboard/build/ModuleCache.noindex/AppKit-90JRVV68BQMGGVW85SD3AFFJM.pcm /Users/chrislapointe/Projects/CurrentProjects/SmartClipboard/build/ModuleCache.noindex/_Builtin_stdbool-6P0D1FH7FY85TAQUL6QLH071K.pcm /Users/chrislapointe/Projects/CurrentProjects/SmartClipboard/build/ModuleCache.noindex/_Builtin_limits-9BSV5K4647EBDYGECREP4A3Q.pcm /Users/chrislapointe/Projects/CurrentProjects/SmartClipboard/build/ModuleCache.noindex/Metal-60EN15JM35U4XT8YYZN52X113.pcm /Users/chrislapointe/Projects/CurrentProjects/SmartClipboard/build/Build/Intermediates.noindex/SmartClipboard.build/Release/SmartClipboard.build/Objects-normal/arm64/SmartClipboard-dependencies-1.json (in target 'SmartClipboard' from project 'SmartClipboard')
	Building project SmartClipboard with scheme SmartClipboard and configuration Release
(3 failures)
